
> rds-project-hub@0.0.0 build
> vite build

[36mvite v8.0.14 [32mbuilding client environment for production...[36m[39m
[2Ktransforming...✓ 239 modules transformed.
rendering chunks...
computing gzip size...
dist/index.html                           0.55 kB │ gzip:   0.33 kB
dist/assets/index-CGk5keqa.css            2.01 kB │ gzip:   0.90 kB
dist/assets/typeof-B5XbjTb1.js            0.27 kB │ gzip:   0.16 kB
dist/assets/purify-DoGpN8s2.js           20.78 kB │ gzip:   8.66 kB
dist/assets/index.es-DJmCy2GE.js        151.41 kB │ gzip:  48.89 kB
dist/assets/html2canvas-BTvy4sTY.js     199.56 kB │ gzip:  46.78 kB
dist/assets/jspdf.es.min-B4cCeyA3.js    341.22 kB │ gzip: 111.96 kB
dist/assets/index-LkkiGwsW.js         1,441.14 kB │ gzip: 366.25 kB

[32m✓ built in 734ms[39m
[33m[plugin builtin:vite-reporter] 
(!) Some chunks are larger than 500 kB after minification. Consider:
- Using dynamic import() to code-split the application
- Use build.rolldownOptions.output.codeSplitting to improve chunking: https://rolldown.rs/reference/OutputOptions.codeSplitting
- Adjust chunk size limit for this warning via build.chunkSizeWarningLimit.[39m
Use --update-env to update environment variables
[PM2] Applying action restartProcessId on app [rds-hub](ids: [ 0 ])
[PM2] [rds-hub](0) ✓
┌────┬────────────┬─────────────┬─────────┬─────────┬──────────┬────────┬──────┬───────────┬──────────┬──────────┬──────────┬──────────┐
│ id │ name       │ namespace   │ version │ mode    │ pid      │ uptime │ ↺    │ status    │ cpu      │ mem      │ user     │ watching │
├────┼────────────┼─────────────┼─────────┼─────────┼──────────┼────────┼──────┼───────────┼──────────┼──────────┼──────────┼──────────┤
│ 0  │ rds-hub    │ default     │ 0.0.0   │ fork    │ 10760    │ 0s     │ 174  │ online    │ 43.7%    │ 95.4mb   │ HP       │ disabled │
└────┴────────────┴─────────────┴─────────┴─────────┴──────────┴────────┴──────┴───────────┴──────────┴──────────┴──────────┴──────────┘
host metrics | cpu: 9.5% | ram usage: 88.4% | disk: ⇓ 0mb/s ⇑ 0mb/s |
